// Jest Snapshot v1, https://goo.gl/fbAQLP

exports[`item render correctly 1`] = `
<li
  className="d-flex justify-content-between align-items-center list-group-item"
  onMouseEnter={[Function]}
  onMouseLeave={[Function]}
>
  <a
    href="/bookstore/book/1"
    onClick={[Function]}
  >
    title 1
     
    <br />
    <small>
      by 
      author 1
    </small>
     
    <br />
    <small>
      10
       avis
    </small>
  </a>
  <div>
    <img
      alt=""
      className="image-item"
      src=""
    />
  </div>
</li>
`;
